{"logTime": "0807/122153", "correlationVector":"QcqD7qM/fz+Jiuq4x8GEQ8.1","action":"SyncServerConnectionManagerRequest", "result":"SYNC_SERVER_OK", "context":{"environment":"Prod_southeastasia_prod-s01-064-apac-southeastasia", "migrationStage":"NotStarted", "server":"akswtt00300001d"}}
{"logTime": "0807/122153", "correlationVector":"QcqD7qM/fz+Jiuq4x8GEQ8.2","action":"ProcessGetUpdates", "result":"Done", "context":{"dataType":"Encryption Keys", "deleted":"0", "process_failed_to_decrypt":"0", "process_pending_decryption":"0", "process_success":"1", "total":"1"}}
{"logTime": "0807/122154", "correlationVector":"AHzyqtHTka/+PPlwtb4TFY","action":"SyncServerConnectionManagerRequest", "result":"SYNC_SERVER_OK", "context":{"environment":"", "migrationStage":"", "server":""}}
{"logTime": "0807/122154", "correlationVector":"AHzyqtHTka/+PPlwtb4TFY.0","action":"EncryptionKeysFetcher.DownloadKeys:", "result":"Success", "context":Key count: 1, Last key timestamp: 2026-06-01T07:39:35Z}
{"logTime": "0807/122154", "correlationVector":"AHzyqtHTka/+PPlwtb4TFY.1","action":"EncryptionKeysManager::SetEncryptionKeys:", "result":"Success", "context":Key names[1]:[g4JjlT1V7hL8UF+WFmyoRn/I5zXizd+M6HpnQ+/F/oPNgAC7/OWeOGxZeL4xakjvbeZbFrlRmzaRG+RADldQ1Q==]}
{"logTime": "0807/122154", "correlationVector":"AHzyqtHTka/+PPlwtb4TFY.2","action":"EncryptionKeysManager::SetEncryptionKeysWithTimestamps:", "result":"Success", "context":Key timestamps[1]:[2026-06-01T07:39:35Z]}
{"logTime": "0807/122154", "correlationVector":"QcqD7qM/fz+Jiuq4x8GEQ8","action":"Initial GetUpdates", "result":"", "context":Reason: NEW_CLIENT. cV=QcqD7qM/fz+Jiuq4x8GEQ8}
{"logTime": "0807/122154", "correlationVector":"QcqD7qM/fz+Jiuq4x8GEQ8.3","action":"GetUpdates Response", "result":"Success", "context":Received 1 update(s). cV=QcqD7qM/fz+Jiuq4x8GEQ8.0;server=akswtt00300001d;cloudType=Consumer;environment=Prod_southeastasia_prod-s01-064-apac-southeastasia;migrationStage=NotStarted}
{"logTime": "0807/122154", "correlationVector":"h1CjFpgr3vjboL36vJECeu","action":"Initial GetUpdates", "result":"", "context":Reason: NEWLY_SUPPORTED_DATATYPE. cV=h1CjFpgr3vjboL36vJECeu}
{"logTime": "0807/122155", "correlationVector":"h1CjFpgr3vjboL36vJECeu.1","action":"SyncServerConnectionManagerRequest", "result":"SYNC_SERVER_OK", "context":{"environment":"Prod_southeastasia_prod-s01-064-apac-southeastasia", "migrationStage":"NotStarted", "server":"akswtt003000015"}}
{"logTime": "0807/122155", "correlationVector":"h1CjFpgr3vjboL36vJECeu.2","action":"ProcessGetUpdates", "result":"Done", "context":{"dataType":"Passwords", "deleted":"8", "process_failed_to_decrypt":"0", "process_pending_decryption":"0", "process_success":"10", "total":"10"}}
{"logTime": "0807/122155", "correlationVector":"h1CjFpgr3vjboL36vJECeu.3","action":"ProcessGetUpdates", "result":"Done", "context":{"dataType":"Device Info", "deleted":"0", "process_failed_to_decrypt":"0", "process_pending_decryption":"0", "process_success":"9", "total":"9"}}
{"logTime": "0807/122155", "correlationVector":"h1CjFpgr3vjboL36vJECeu.4","action":"GetUpdates Response", "result":"Success", "context":Received 19 update(s). cV=h1CjFpgr3vjboL36vJECeu.0;server=akswtt003000015;cloudType=Consumer;environment=Prod_southeastasia_prod-s01-064-apac-southeastasia;migrationStage=NotStarted}
{"logTime": "0807/122155", "correlationVector":"4fqyX3nkR5WJpLGGEgpYQz","action":"Initial GetUpdates", "result":"", "context":Reason: NEWLY_SUPPORTED_DATATYPE. cV=4fqyX3nkR5WJpLGGEgpYQz}
{"logTime": "0807/122156", "correlationVector":"4fqyX3nkR5WJpLGGEgpYQz.1","action":"SyncServerConnectionManagerRequest", "result":"SYNC_SERVER_OK", "context":{"environment":"Prod_southeastasia_prod-s01-064-apac-southeastasia", "migrationStage":"NotStarted", "server":"akswtt00300000r"}}
{"logTime": "0807/122156", "correlationVector":"4fqyX3nkR5WJpLGGEgpYQz.2","action":"ProcessGetUpdates", "result":"Done", "context":{"dataType":"Bookmarks", "deleted":"4", "process_failed_to_decrypt":"0", "process_pending_decryption":"0", "process_success":"23", "total":"23"}}
{"logTime": "0807/122156", "correlationVector":"4fqyX3nkR5WJpLGGEgpYQz.3","action":"ProcessGetUpdates", "result":"Done", "context":{"dataType":"Preferences", "deleted":"0", "process_failed_to_decrypt":"0", "process_pending_decryption":"0", "process_success":"53", "total":"53"}}
{"logTime": "0807/122156", "correlationVector":"4fqyX3nkR5WJpLGGEgpYQz.4","action":"ProcessGetUpdates", "result":"Done", "context":{"dataType":"Autofill", "deleted":"0", "process_failed_to_decrypt":"0", "process_pending_decryption":"0", "process_success":"43", "total":"43"}}
{"logTime": "0807/122156", "correlationVector":"4fqyX3nkR5WJpLGGEgpYQz.5","action":"ProcessGetUpdates", "result":"Done", "context":{"dataType":"Extensions", "deleted":"1", "process_failed_to_decrypt":"0", "process_pending_decryption":"0", "process_success":"1", "total":"1"}}
{"logTime": "0807/122156", "correlationVector":"4fqyX3nkR5WJpLGGEgpYQz.6","action":"ProcessGetUpdates", "result":"Done", "context":{"dataType":"Sessions", "deleted":"130", "process_failed_to_decrypt":"0", "process_pending_decryption":"0", "process_success":"130", "total":"130"}}
{"logTime": "0807/122156", "correlationVector":"4fqyX3nkR5WJpLGGEgpYQz.7","action":"GetUpdates Response", "result":"Success", "context":Received 250 update(s). cV=4fqyX3nkR5WJpLGGEgpYQz.0;server=akswtt00300000r;cloudType=Consumer;environment=Prod_southeastasia_prod-s01-064-apac-southeastasia;migrationStage=NotStarted Some updates remain.}
{"logTime": "0807/122156", "correlationVector":"2UX/5dodta6x6IeZS+mBYt","action":"Initial GetUpdates", "result":"", "context":Reason: NEWLY_SUPPORTED_DATATYPE. cV=2UX/5dodta6x6IeZS+mBYt}
{"logTime": "0807/122157", "correlationVector":"2UX/5dodta6x6IeZS+mBYt.1","action":"SyncServerConnectionManagerRequest", "result":"SYNC_SERVER_OK", "context":{"environment":"Prod_southeastasia_prod-s01-064-apac-southeastasia", "migrationStage":"NotStarted", "server":"akswtt00300000h"}}
{"logTime": "0807/122157", "correlationVector":"2UX/5dodta6x6IeZS+mBYt.2","action":"ProcessGetUpdates", "result":"Done", "context":{"dataType":"Bookmarks", "deleted":"0", "process_failed_to_decrypt":"0", "process_pending_decryption":"0", "process_success":"4", "total":"4"}}
{"logTime": "0807/122157", "correlationVector":"2UX/5dodta6x6IeZS+mBYt.3","action":"ProcessGetUpdates", "result":"Done", "context":{"dataType":"Preferences", "deleted":"2", "process_failed_to_decrypt":"0", "process_pending_decryption":"0", "process_success":"3", "total":"3"}}
{"logTime": "0807/122157", "correlationVector":"2UX/5dodta6x6IeZS+mBYt.4","action":"ProcessGetUpdates", "result":"Done", "context":{"dataType":"Autofill", "deleted":"0", "process_failed_to_decrypt":"0", "process_pending_decryption":"0", "process_success":"15", "total":"15"}}
{"logTime": "0807/122157", "correlationVector":"2UX/5dodta6x6IeZS+mBYt.5","action":"ProcessGetUpdates", "result":"Done", "context":{"dataType":"Sessions", "deleted":"227", "process_failed_to_decrypt":"0", "process_pending_decryption":"0", "process_success":"227", "total":"227"}}
{"logTime": "0807/122157", "correlationVector":"2UX/5dodta6x6IeZS+mBYt.6","action":"ProcessGetUpdates", "result":"Done", "context":{"dataType":"Edge Hub App Usage", "deleted":"0", "process_failed_to_decrypt":"0", "process_pending_decryption":"0", "process_success":"1", "total":"1"}}
{"logTime": "0807/122157", "correlationVector":"2UX/5dodta6x6IeZS+mBYt.7","action":"GetUpdates Response", "result":"Success", "context":Received 250 update(s). cV=2UX/5dodta6x6IeZS+mBYt.0;server=akswtt00300000h;cloudType=Consumer;environment=Prod_southeastasia_prod-s01-064-apac-southeastasia;migrationStage=NotStarted Some updates remain.}
{"logTime": "0807/122157", "correlationVector":"+V2F/3zLd6onJwB9wQAKoI","action":"Initial GetUpdates", "result":"", "context":Reason: NEWLY_SUPPORTED_DATATYPE. cV=+V2F/3zLd6onJwB9wQAKoI}
{"logTime": "0807/122159", "correlationVector":"+V2F/3zLd6onJwB9wQAKoI.1","action":"SyncServerConnectionManagerRequest", "result":"SYNC_SERVER_OK", "context":{"environment":"Prod_southeastasia_prod-s01-064-apac-southeastasia", "migrationStage":"NotStarted", "server":"akswtt00300000h"}}
{"logTime": "0807/122159", "correlationVector":"+V2F/3zLd6onJwB9wQAKoI.2","action":"ProcessGetUpdates", "result":"Done", "context":{"dataType":"Bookmarks", "deleted":"0", "process_failed_to_decrypt":"0", "process_pending_decryption":"0", "process_success":"5", "total":"5"}}
{"logTime": "0807/122159", "correlationVector":"+V2F/3zLd6onJwB9wQAKoI.3","action":"ProcessGetUpdates", "result":"Done", "context":{"dataType":"Preferences", "deleted":"0", "process_failed_to_decrypt":"0", "process_pending_decryption":"0", "process_success":"9", "total":"9"}}
{"logTime": "0807/122159", "correlationVector":"+V2F/3zLd6onJwB9wQAKoI.4","action":"ProcessGetUpdates", "result":"Done", "context":{"dataType":"Autofill Profiles", "deleted":"0", "process_failed_to_decrypt":"0", "process_pending_decryption":"0", "process_success":"1", "total":"1"}}
{"logTime": "0807/122159", "correlationVector":"+V2F/3zLd6onJwB9wQAKoI.5","action":"ProcessGetUpdates", "result":"Done", "context":{"dataType":"Autofill", "deleted":"0", "process_failed_to_decrypt":"0", "process_pending_decryption":"0", "process_success":"3", "total":"3"}}
{"logTime": "0807/122159", "correlationVector":"+V2F/3zLd6onJwB9wQAKoI.6","action":"ProcessGetUpdates", "result":"Done", "context":{"dataType":"Sessions", "deleted":"115", "process_failed_to_decrypt":"0", "process_pending_decryption":"0", "process_success":"128", "total":"128"}}
{"logTime": "0807/122159", "correlationVector":"+V2F/3zLd6onJwB9wQAKoI.7","action":"ProcessGetUpdates", "result":"Done", "context":{"dataType":"Edge Hub App Usage", "deleted":"0", "process_failed_to_decrypt":"0", "process_pending_decryption":"0", "process_success":"1", "total":"1"}}
{"logTime": "0807/122159", "correlationVector":"+V2F/3zLd6onJwB9wQAKoI.8","action":"GetUpdates Response", "result":"Success", "context":Received 147 update(s). cV=+V2F/3zLd6onJwB9wQAKoI.0;server=akswtt00300000h;cloudType=Consumer;environment=Prod_southeastasia_prod-s01-064-apac-southeastasia;migrationStage=NotStarted}
{"logTime": "0807/122159", "correlationVector":"e05QN4hCb9Yow/qAE9xkFg","action":"Initial GetUpdates", "result":"", "context":Reason: NEWLY_SUPPORTED_DATATYPE. cV=e05QN4hCb9Yow/qAE9xkFg}
{"logTime": "0807/122201", "correlationVector":"e05QN4hCb9Yow/qAE9xkFg.1","action":"SyncServerConnectionManagerRequest", "result":"SYNC_SERVER_OK", "context":{"environment":"Prod_southeastasia_prod-s01-064-apac-southeastasia", "migrationStage":"NotStarted", "server":"akswtt00300000r"}}
{"logTime": "0807/122201", "correlationVector":"e05QN4hCb9Yow/qAE9xkFg.2","action":"ProcessGetUpdates", "result":"Done", "context":{"dataType":"History", "deleted":"0", "process_failed_to_decrypt":"0", "process_pending_decryption":"0", "process_success":"250", "total":"250"}}
{"logTime": "0807/122201", "correlationVector":"e05QN4hCb9Yow/qAE9xkFg.3","action":"GetUpdates Response", "result":"Success", "context":Received 250 update(s). cV=e05QN4hCb9Yow/qAE9xkFg.0;server=akswtt00300000r;cloudType=Consumer;environment=Prod_southeastasia_prod-s01-064-apac-southeastasia;migrationStage=NotStarted Some updates remain.}
{"logTime": "0807/122201", "correlationVector":"9aGJ1y++t7vLFHDd+Vft2f","action":"Initial GetUpdates", "result":"", "context":Reason: NEWLY_SUPPORTED_DATATYPE. cV=9aGJ1y++t7vLFHDd+Vft2f}
{"logTime": "0807/122202", "correlationVector":"9aGJ1y++t7vLFHDd+Vft2f.1","action":"SyncServerConnectionManagerRequest", "result":"SYNC_SERVER_OK", "context":{"environment":"Prod_southeastasia_prod-s01-064-apac-southeastasia", "migrationStage":"NotStarted", "server":"akswtt00300001f"}}
{"logTime": "0807/122202", "correlationVector":"9aGJ1y++t7vLFHDd+Vft2f.2","action":"ProcessGetUpdates", "result":"Done", "context":{"dataType":"History", "deleted":"0", "process_failed_to_decrypt":"0", "process_pending_decryption":"0", "process_success":"250", "total":"250"}}
{"logTime": "0807/122202", "correlationVector":"9aGJ1y++t7vLFHDd+Vft2f.3","action":"GetUpdates Response", "result":"Success", "context":Received 250 update(s). cV=9aGJ1y++t7vLFHDd+Vft2f.0;server=akswtt00300001f;cloudType=Consumer;environment=Prod_southeastasia_prod-s01-064-apac-southeastasia;migrationStage=NotStarted Some updates remain.}
{"logTime": "0807/122202", "correlationVector":"irgI6B23j++r8MGKjligNk","action":"Initial GetUpdates", "result":"", "context":Reason: NEWLY_SUPPORTED_DATATYPE. cV=irgI6B23j++r8MGKjligNk}
{"logTime": "0807/122204", "correlationVector":"irgI6B23j++r8MGKjligNk.1","action":"SyncServerConnectionManagerRequest", "result":"SYNC_SERVER_OK", "context":{"environment":"Prod_southeastasia_prod-s01-064-apac-southeastasia", "migrationStage":"NotStarted", "server":"akswtt00300000h"}}
{"logTime": "0807/122204", "correlationVector":"irgI6B23j++r8MGKjligNk.2","action":"ProcessGetUpdates", "result":"Done", "context":{"dataType":"History", "deleted":"0", "process_failed_to_decrypt":"0", "process_pending_decryption":"0", "process_success":"250", "total":"250"}}
{"logTime": "0807/122204", "correlationVector":"irgI6B23j++r8MGKjligNk.3","action":"GetUpdates Response", "result":"Success", "context":Received 250 update(s). cV=irgI6B23j++r8MGKjligNk.0;server=akswtt00300000h;cloudType=Consumer;environment=Prod_southeastasia_prod-s01-064-apac-southeastasia;migrationStage=NotStarted Some updates remain.}
{"logTime": "0807/122204", "correlationVector":"WMG92+Ffx9u6PUD//SHCni","action":"Initial GetUpdates", "result":"", "context":Reason: NEWLY_SUPPORTED_DATATYPE. cV=WMG92+Ffx9u6PUD//SHCni}
{"logTime": "0807/122205", "correlationVector":"WMG92+Ffx9u6PUD//SHCni.1","action":"SyncServerConnectionManagerRequest", "result":"SYNC_SERVER_OK", "context":{"environment":"Prod_southeastasia_prod-s01-064-apac-southeastasia", "migrationStage":"NotStarted", "server":"akswtt003000007"}}
{"logTime": "0807/122205", "correlationVector":"WMG92+Ffx9u6PUD//SHCni.2","action":"ProcessGetUpdates", "result":"Done", "context":{"dataType":"History", "deleted":"0", "process_failed_to_decrypt":"0", "process_pending_decryption":"0", "process_success":"250", "total":"250"}}
{"logTime": "0807/122205", "correlationVector":"WMG92+Ffx9u6PUD//SHCni.3","action":"GetUpdates Response", "result":"Success", "context":Received 250 update(s). cV=WMG92+Ffx9u6PUD//SHCni.0;server=akswtt003000007;cloudType=Consumer;environment=Prod_southeastasia_prod-s01-064-apac-southeastasia;migrationStage=NotStarted Some updates remain.}
{"logTime": "0807/122205", "correlationVector":"0+NbcbT7PK5k//heZw7LUX","action":"Initial GetUpdates", "result":"", "context":Reason: NEWLY_SUPPORTED_DATATYPE. cV=0+NbcbT7PK5k//heZw7LUX}
{"logTime": "0807/122207", "correlationVector":"0+NbcbT7PK5k//heZw7LUX.1","action":"SyncServerConnectionManagerRequest", "result":"SYNC_SERVER_OK", "context":{"environment":"Prod_southeastasia_prod-s01-064-apac-southeastasia", "migrationStage":"NotStarted", "server":"akswtt003000019"}}
{"logTime": "0807/122207", "correlationVector":"0+NbcbT7PK5k//heZw7LUX.2","action":"ProcessGetUpdates", "result":"Done", "context":{"dataType":"History", "deleted":"0", "process_failed_to_decrypt":"0", "process_pending_decryption":"0", "process_success":"250", "total":"250"}}
{"logTime": "0807/122207", "correlationVector":"0+NbcbT7PK5k//heZw7LUX.3","action":"GetUpdates Response", "result":"Success", "context":Received 250 update(s). cV=0+NbcbT7PK5k//heZw7LUX.0;server=akswtt003000019;cloudType=Consumer;environment=Prod_southeastasia_prod-s01-064-apac-southeastasia;migrationStage=NotStarted Some updates remain.}
{"logTime": "0807/122207", "correlationVector":"AuIYlRSlonm5Wx1gh2LNVU","action":"Initial GetUpdates", "result":"", "context":Reason: NEWLY_SUPPORTED_DATATYPE. cV=AuIYlRSlonm5Wx1gh2LNVU}
{"logTime": "0807/122209", "correlationVector":"AuIYlRSlonm5Wx1gh2LNVU.1","action":"SyncServerConnectionManagerRequest", "result":"SYNC_SERVER_OK", "context":{"environment":"Prod_southeastasia_prod-s01-064-apac-southeastasia", "migrationStage":"NotStarted", "server":"akswtt00300000i"}}
{"logTime": "0807/122209", "correlationVector":"AuIYlRSlonm5Wx1gh2LNVU.2","action":"ProcessGetUpdates", "result":"Done", "context":{"dataType":"History", "deleted":"0", "process_failed_to_decrypt":"0", "process_pending_decryption":"0", "process_success":"250", "total":"250"}}
{"logTime": "0807/122209", "correlationVector":"AuIYlRSlonm5Wx1gh2LNVU.3","action":"GetUpdates Response", "result":"Success", "context":Received 250 update(s). cV=AuIYlRSlonm5Wx1gh2LNVU.0;server=akswtt00300000i;cloudType=Consumer;environment=Prod_southeastasia_prod-s01-064-apac-southeastasia;migrationStage=NotStarted Some updates remain.}
{"logTime": "0807/122209", "correlationVector":"OYS3QP2nZVnEnNQFRr8olB","action":"Initial GetUpdates", "result":"", "context":Reason: NEWLY_SUPPORTED_DATATYPE. cV=OYS3QP2nZVnEnNQFRr8olB}
{"logTime": "0807/122209", "correlationVector":"OYS3QP2nZVnEnNQFRr8olB.1","action":"SyncServerConnectionManagerRequest", "result":"SYNC_SERVER_OK", "context":{"environment":"Prod_southeastasia_prod-s01-064-apac-southeastasia", "migrationStage":"NotStarted", "server":"akswtt003000011"}}
{"logTime": "0807/122209", "correlationVector":"OYS3QP2nZVnEnNQFRr8olB.2","action":"ProcessGetUpdates", "result":"Done", "context":{"dataType":"History", "deleted":"0", "process_failed_to_decrypt":"0", "process_pending_decryption":"0", "process_success":"4", "total":"4"}}
{"logTime": "0807/122209", "correlationVector":"OYS3QP2nZVnEnNQFRr8olB.3","action":"GetUpdates Response", "result":"Success", "context":Received 4 update(s). cV=OYS3QP2nZVnEnNQFRr8olB.0;server=akswtt003000011;cloudType=Consumer;environment=Prod_southeastasia_prod-s01-064-apac-southeastasia;migrationStage=NotStarted}
{"logTime": "0807/122209", "correlationVector":"SaxhIdr/RHnktXr//v63TS","action":"Normal GetUpdate request", "result":"", "context":cV=SaxhIdr/RHnktXr//v63TS
Nudged types: Sessions, Device Info, User Consents, Edge Hub App Usage
Refresh requested types: Bookmarks, Preferences, Passwords, Autofill Profiles, Autofill, Extensions, Sessions, Extension settings, History Delete Directives, Device Info, User Consents, Send Tab To Self, Web Apps, History, Saved Tab Group, WebAuthn Credentials, Edge E Drop, Edge Hub App Usage, Edge Workspace, Encryption Keys}
{"logTime": "0807/122210", "correlationVector":"SaxhIdr/RHnktXr//v63TS.1","action":"SyncServerConnectionManagerRequest", "result":"SYNC_SERVER_OK", "context":{"environment":"Prod_southeastasia_prod-s01-064-apac-southeastasia", "migrationStage":"NotStarted", "server":"akswtt00300000c"}}
{"logTime": "0807/122210", "correlationVector":"SaxhIdr/RHnktXr//v63TS.2","action":"ProcessGetUpdates", "result":"Done", "context":{"dataType":"Sessions", "deleted":"0", "process_failed_to_decrypt":"0", "process_pending_decryption":"0", "process_success":"2", "total":"2"}}
{"logTime": "0807/122210", "correlationVector":"SaxhIdr/RHnktXr//v63TS.3","action":"ProcessGetUpdates", "result":"Done", "context":{"dataType":"Device Info", "deleted":"0", "process_failed_to_decrypt":"0", "process_pending_decryption":"0", "process_success":"1", "total":"1"}}
{"logTime": "0807/122210", "correlationVector":"SaxhIdr/RHnktXr//v63TS.4","action":"GetUpdates Response", "result":"Success", "context":Received 3 update(s). cV=SaxhIdr/RHnktXr//v63TS.0;server=akswtt00300000c;cloudType=Consumer;environment=Prod_southeastasia_prod-s01-064-apac-southeastasia;migrationStage=NotStarted}
{"logTime": "0807/122210", "correlationVector":"618qYpQPU+X0eSAIR8CCvH","action":"DoCompareDataConsistency requsted types: ", "result":"Bookmarks, Preferences, Passwords, Extensions, Extension settings, History Delete Directives, Send Tab To Self, Web Apps, History, Saved Tab Group, WebAuthn Credentials, Edge E Drop, Edge Workspace, Encryption Keys"}
{"logTime": "0807/122210", "correlationVector":"618qYpQPU+X0eSAIR8CCvH.0","action":"CompareDataConsistency result: ", "result":"Compare result: Encryption Keys is consistent. local entities count is: 1 local entities hash is: sIQnoOxr5g2hunO33CcQ066LQd4="}
{"logTime": "0807/122210", "correlationVector":"618qYpQPU+X0eSAIR8CCvH.1","action":"CompareDataConsistency result: ", "result":"Compare result: Bookmarks is consistent. local entities count is: 22 local entities hash is: iWZZ/MeiNAkpghEJPwLEJP2RepU="}
{"logTime": "0807/122210", "correlationVector":"618qYpQPU+X0eSAIR8CCvH.2","action":"CompareDataConsistency result: ", "result":"Compare result: Preferences is consistent. local entities count is: 63 local entities hash is: c1zkFnZ6Lz0n/m1C4rVEXl8+pI8="}
{"logTime": "0807/122210", "correlationVector":"618qYpQPU+X0eSAIR8CCvH.3","action":"CompareDataConsistency result: ", "result":"Compare result: Extensions is consistent. local entities count is: 0 local entities hash is: "}
{"logTime": "0807/122210", "correlationVector":"618qYpQPU+X0eSAIR8CCvH.4","action":"CompareDataConsistency result: ", "result":"Compare result: Extension settings is consistent. local entities count is: 0 local entities hash is: "}
{"logTime": "0807/122210", "correlationVector":"618qYpQPU+X0eSAIR8CCvH.5","action":"CompareDataConsistency result: ", "result":"Compare result: History Delete Directives is consistent. local entities count is: 0 local entities hash is: "}
{"logTime": "0807/122210", "correlationVector":"618qYpQPU+X0eSAIR8CCvH.6","action":"CompareDataConsistency result: ", "result":"Server did not send this Send Tab To Self local entities count is: 0 local entities hash is: "}
{"logTime": "0807/122210", "correlationVector":"618qYpQPU+X0eSAIR8CCvH.7","action":"CompareDataConsistency result: ", "result":"Compare result: Web Apps is consistent. local entities count is: 0 local entities hash is: "}
{"logTime": "0807/122210", "correlationVector":"618qYpQPU+X0eSAIR8CCvH.8","action":"CompareDataConsistency result: ", "result":"Server did not send this History local entities count is: 0 local entities hash is: "}
{"logTime": "0807/122210", "correlationVector":"618qYpQPU+X0eSAIR8CCvH.9","action":"CompareDataConsistency result: ", "result":"Compare result: Saved Tab Group is consistent. local entities count is: 0 local entities hash is: "}
{"logTime": "0807/122210", "correlationVector":"618qYpQPU+X0eSAIR8CCvH.10","action":"CompareDataConsistency result: ", "result":"Server did not send this WebAuthn Credentials local entities count is: 0 local entities hash is: "}
{"logTime": "0807/122210", "correlationVector":"618qYpQPU+X0eSAIR8CCvH.11","action":"CompareDataConsistency result: ", "result":"Compare result: Edge E Drop is consistent. local entities count is: 0 local entities hash is: "}
{"logTime": "0807/122210", "correlationVector":"618qYpQPU+X0eSAIR8CCvH.12","action":"CompareDataConsistency result: ", "result":"Server did not send this Edge Workspace local entities count is: 0 local entities hash is: "}
{"logTime": "0807/122210", "correlationVector":"618qYpQPU+X0eSAIR8CCvH.13","action":"CompareDataConsistency result: ", "result":"Compare result: Passwords is consistent. local entities count is: 2 local entities hash is: 8V+cL6tAhoGCxdEHTK48M4FiiEE="}
{"logTime": "0807/122210", "correlationVector":"1AlAG8eK4WH+WIKw4PQjBE","action":"Commit Request", "result":"", "context":Item count: 5
Contributing types: Sessions, Device Info, User Consents, Edge Hub App Usage}
{"logTime": "0807/122212", "correlationVector":"1AlAG8eK4WH+WIKw4PQjBE.1","action":"SyncServerConnectionManagerRequest", "result":"SYNC_SERVER_OK", "context":{"environment":"Prod_southeastasia_prod-s01-064-apac-southeastasia", "migrationStage":"NotStarted", "server":"akswtt003000015"}}
{"logTime": "0807/122212", "correlationVector":"1AlAG8eK4WH+WIKw4PQjBE.2","action":"Commit Response", "result":"Success", "context":Result: Success. cV=1AlAG8eK4WH+WIKw4PQjBE.0;server=akswtt003000015;cloudType=Consumer;environment=Prod_southeastasia_prod-s01-064-apac-southeastasia;migrationStage=NotStarted}
{"logTime": "0807/122212", "correlationVector":"","action":"DIAGNOSTIC_REQUEST|v1/diagnosticData/Diagnostic.SendCheckResult()|SUCCESS", "result":""}
{"logTime": "0807/122213", "correlationVector":"1BLROZ/erCmcGKmQHDc2b3","action":"Normal GetUpdate request", "result":"", "context":cV=1BLROZ/erCmcGKmQHDc2b3
Nudged types: Sessions, Device Info, Edge Hub App Usage
Notified types: Edge Hub App Usage}
{"logTime": "0807/122213", "correlationVector":"1BLROZ/erCmcGKmQHDc2b3.1","action":"SyncServerConnectionManagerRequest", "result":"SYNC_SERVER_OK", "context":{"environment":"Prod_southeastasia_prod-s01-064-apac-southeastasia", "migrationStage":"NotStarted", "server":"akswtt003000015"}}
{"logTime": "0807/122213", "correlationVector":"1BLROZ/erCmcGKmQHDc2b3.2","action":"ProcessGetUpdates", "result":"Done", "context":{"dataType":"Sessions", "deleted":"0", "process_failed_to_decrypt":"0", "process_pending_decryption":"0", "process_success":"2", "total":"2"}}
{"logTime": "0807/122213", "correlationVector":"1BLROZ/erCmcGKmQHDc2b3.3","action":"ProcessGetUpdates", "result":"Done", "context":{"dataType":"Device Info", "deleted":"0", "process_failed_to_decrypt":"0", "process_pending_decryption":"0", "process_success":"1", "total":"1"}}
{"logTime": "0807/122213", "correlationVector":"1BLROZ/erCmcGKmQHDc2b3.4","action":"ProcessGetUpdates", "result":"Done", "context":{"dataType":"Edge Hub App Usage", "deleted":"0", "process_failed_to_decrypt":"0", "process_pending_decryption":"0", "process_success":"2", "total":"2"}}
{"logTime": "0807/122213", "correlationVector":"1BLROZ/erCmcGKmQHDc2b3.5","action":"GetUpdates Response", "result":"Success", "context":Received 5 update(s). cV=1BLROZ/erCmcGKmQHDc2b3.0;server=akswtt003000015;cloudType=Consumer;environment=Prod_southeastasia_prod-s01-064-apac-southeastasia;migrationStage=NotStarted}
{"logTime": "0807/122929", "correlationVector":"buhs4wEu/2LHUyEgR+P/0s","action":"Normal GetUpdate request", "result":"", "context":cV=buhs4wEu/2LHUyEgR+P/0s
Notified types: History}
{"logTime": "0807/122930", "correlationVector":"buhs4wEu/2LHUyEgR+P/0s.1","action":"SyncServerConnectionManagerRequest", "result":"SYNC_SERVER_OK", "context":{"environment":"Prod_southeastasia_prod-s01-065-apac-southeastasia", "migrationStage":"NotStarted", "server":"akswtt00300000n"}}
{"logTime": "0807/122930", "correlationVector":"buhs4wEu/2LHUyEgR+P/0s.2","action":"ProcessGetUpdates", "result":"Done", "context":{"dataType":"Sessions", "deleted":"0", "process_failed_to_decrypt":"0", "process_pending_decryption":"0", "process_success":"1", "total":"1"}}
{"logTime": "0807/122930", "correlationVector":"buhs4wEu/2LHUyEgR+P/0s.3","action":"ProcessGetUpdates", "result":"Done", "context":{"dataType":"History", "deleted":"0", "process_failed_to_decrypt":"0", "process_pending_decryption":"0", "process_success":"1", "total":"1"}}
{"logTime": "0807/122930", "correlationVector":"buhs4wEu/2LHUyEgR+P/0s.4","action":"GetUpdates Response", "result":"Success", "context":Received 2 update(s). cV=buhs4wEu/2LHUyEgR+P/0s.0;server=akswtt00300000n;cloudType=Consumer;environment=Prod_southeastasia_prod-s01-065-apac-southeastasia;migrationStage=NotStarted}
